[www.altitudesalonllc.com/index.html]
[backblue.gif]
[fade.gif]
[index.html]
[images.squarespace-cdn.com/content/66e34c24d6049d20d04964d1/498293a1-9362-4560-a702-dba1d51fa130/Altitude_submark5d45.png]
[assets.squarespace.com/@sqs/polyfiller/1.6/legacy.js]
[assets.squarespace.com/universal/scripts-compressed/extract-css-runtime-04a0937a5564740f-min.en-US.js]
[assets.squarespace.com/universal/scripts-compressed/cldr-resource-pack-22c6db795661f68d-min.en-US.js]
[assets.squarespace.com/@sqs/polyfiller/1.6/modern.js]
[assets.squarespace.com/universal/scripts-compressed/extract-css-moment-js-vendor-6f2a1f6ec9a41489-min.en-US.js]
[assets.squarespace.com/universal/scripts-compressed/common-vendors-stable-b8d716935110c7b2-min.en-US.js]
[assets.squarespace.com/universal/styles-compressed/user-account-core-608918e0ae8d0cc0-min.en-US.css]
[assets.squarespace.com/universal/scripts-compressed/user-account-core-b176cd2df15f2f17-min.en-US.js]
[assets.squarespace.com/universal/scripts-compressed/performance-efb529d57db762a2-min.en-US.js]
[definitions.sqspcdn.com/website-component-definition/static-assets/website.components.shape/4b0d263d-c8c0-4596-800f-d7fb790e4559_813/website.components.shape.styles.css]
[definitions.sqspcdn.com/website-component-definition/static-assets/website.components.socialLinks/70c33000-b577-4dda-a4b6-cd91af457db5_196/website.components.socialLinks.styles.css]
[definitions.sqspcdn.com/website-component-definition/static-assets/website.components.imageFluid/9dab2658-484c-4af4-ba33-78131c219d24_405/website.components.imageFluid.styles.css]
[assets.squarespace.com/universal/scripts-compressed/common-vendors-8e170465b68f28f0-min.en-US.js]
[definitions.sqspcdn.com/website-component-definition/static-assets/website.components.button/6c04336a-f6e8-4a6c-946c-4232b8eace18_588/website.components.button.styles.css]
[definitions.sqspcdn.com/website-component-definition/static-assets/website.components.imageFluid/9dab2658-484c-4af4-ba33-78131c219d24_405/website.components.imageFluid.shared.constants.js]
[definitions.sqspcdn.com/website-component-definition/static-assets/website.components.shape/4b0d263d-c8c0-4596-800f-d7fb790e4559_813/website.components.shape.visitor.js]
[assets.squarespace.com/universal/scripts-compressed/common-c2dff74158a8d804-min.en-US.js]
[definitions.sqspcdn.com/website-component-definition/static-assets/website.components.imageFluid/9dab2658-484c-4af4-ba33-78131c219d24_405/image-effect-parallax.js]
[definitions.sqspcdn.com/website-component-definition/static-assets/website.components.html/0539d27a-3d6b-478f-b600-400d441b4e76_418/website.components.html.visitor.js]
[definitions.sqspcdn.com/website-component-definition/static-assets/website.components.imageFluid/9dab2658-484c-4af4-ba33-78131c219d24_405/image-effect-film-grain.js]
[definitions.sqspcdn.com/website-component-definition/static-assets/website.components.imageFluid/9dab2658-484c-4af4-ba33-78131c219d24_405/image-effect-refracted-circles.js]
[definitions.sqspcdn.com/website-component-definition/static-assets/website.components.imageFluid/9dab2658-484c-4af4-ba33-78131c219d24_405/image-effect-refracted-lines.js]
[definitions.sqspcdn.com/website-component-definition/static-assets/website.components.map/e2181a50-7c23-4f28-b88f-1efad21eb509_804/website.components.map.visitor.js]
[definitions.sqspcdn.com/website-component-definition/static-assets/website.components.imageFluid/9dab2658-484c-4af4-ba33-78131c219d24_405/748.js]
[definitions.sqspcdn.com/website-component-definition/static-assets/website.components.imageFluid/9dab2658-484c-4af4-ba33-78131c219d24_405/8018.js]
[definitions.sqspcdn.com/website-component-definition/static-assets/website.components.imageFluid/9dab2658-484c-4af4-ba33-78131c219d24_405/9882.js]
[definitions.sqspcdn.com/website-component-definition/static-assets/website.components.imageFluid/9dab2658-484c-4af4-ba33-78131c219d24_405/website.components.imageFluid.visitor.js]
[definitions.sqspcdn.com/website-component-definition/static-assets/website.components.imageFluid/9dab2658-484c-4af4-ba33-78131c219d24_405/image-effect-liquid.js]
[definitions.sqspcdn.com/website-component-definition/static-assets/website.components.button/6c04336a-f6e8-4a6c-946c-4232b8eace18_588/website.components.button.visitor.js]
[definitions.sqspcdn.com/website-component-definition/static-assets/website.components.socialLinks/70c33000-b577-4dda-a4b6-cd91af457db5_196/website.components.socialLinks.visitor.js]
[static1.squarespace.com/static/versioned-site-css/66e34c24d6049d20d04964d1/27/5c5a519771c10ba3470d8101/66e34c25d6049d20d04964d9/1770/sitece97.css]
[static1.squarespace.com/static/custom-css/66e34c24d6049d20d04964d1/66e34c25d6049d20d04964d9/0/custom.css]
[static1.squarespace.com/static/vta/5c5a519771c10ba3470d8101/versioned-assets/1775761119479-MQOID49W7RCDTME7SSD0/static.css]
[www.altitudesalonllc.com/cart.html]
[images.squarespace-cdn.com/content/v1/66e34c24d6049d20d04964d1/a86db268-d055-45dc-b502-ac07760ef02b/Altitude_submark26f7.png]
[images.squarespace-cdn.com/content/v1/66e34c24d6049d20d04964d1/26ad8415-6f10-4efe-80ea-1d9be30e3292/Altitude_logo26f7.png]
[www.altitudesalonllc.com/new-guests.html]
[www.altitudesalonllc.com/our-story.html]
[www.altitudesalonllc.com/stylists.html]
[www.altitudesalonllc.com/services.html]
[www.altitudesalonllc.com/careers.html]
[www.altitudesalonllc.com/shopaveda.html]
[www.altitudesalonllc.com/reviews.html]
[images.squarespace-cdn.com/content/v1/66e34c24d6049d20d04964d1/1568e774-71b2-4122-bd8d-0e64075e9585/1K7A0921.jpg]
[images.squarespace-cdn.com/content/v1/66e34c24d6049d20d04964d1/ebd2a642-1b6e-41ae-852a-cae01beaa673/mathilde-langevin-nV-3mvWNH7w-unsplash.jpg]
[images.squarespace-cdn.com/content/v1/66e34c24d6049d20d04964d1/498293a1-9362-4560-a702-dba1d51fa130/Altitude_submark.png]
[images.squarespace-cdn.com/content/v1/66e34c24d6049d20d04964d1/711d700d-bb59-4629-b1c6-a18d8406313d/1K7A6300_EDIT.jpg]
[images.squarespace-cdn.com/content/v1/66e34c24d6049d20d04964d1/bbb0f1fb-ec37-4b9b-b694-dcd425a5046c/1K7A6285_EDIT.jpg]
[images.squarespace-cdn.com/content/v1/66e34c24d6049d20d04964d1/0b25b0c0-d5cc-4fba-946a-0ab45e680238/1K7A6912_EDIT.jpg]
[images.squarespace-cdn.com/content/v1/66e34c24d6049d20d04964d1/1df71953-0ee5-4e0f-bd35-ec9294f37182/1K7A6656_EDIT.jpg]
[images.squarespace-cdn.com/content/v1/66e34c24d6049d20d04964d1/1768501545744-EXAMZ8D03PNHLDVNE9HU/image-asset.jpg]
[images.squarespace-cdn.com/content/v1/66e34c24d6049d20d04964d1/1768408983925-XJO9QKLHEW3TS1H2FBDB/image-asset.jpg]
[images.squarespace-cdn.com/content/v1/66e34c24d6049d20d04964d1/1768262228136-3SZSZTY03YWJ3KFL493Z/image-asset.jpg]
[images.squarespace-cdn.com/content/v1/66e34c24d6049d20d04964d1/1757879382951-XC7U4BH985K8CJ7V7Q09/image-asset.jpg]
[images.squarespace-cdn.com/content/v1/66e34c24d6049d20d04964d1/1757626529744-9VKT1SIP6PO3C0M0SIX2/image-asset.jpg]
[images.squarespace-cdn.com/content/v1/66e34c24d6049d20d04964d1/1757362053097-3I4I9UAPDU9TOMHQKL0U/image-asset.jpg]
[images.squarespace-cdn.com/content/v1/66e34c24d6049d20d04964d1/1757175377578-NVATKCLZEN717O0URRMZ/image-asset.jpg]
[images.squarespace-cdn.com/content/v1/66e34c24d6049d20d04964d1/1757087344496-6LJRVQCUFHDJLD6YWDYL/image-asset.jpg]
[www.altitudesalonllc.com/faq.html]
[www.altitudesalonllc.com/privacy-policy.html]
[www.altitudesalonllc.com/policies.html]
[images.squarespace-cdn.com/content/v1/66e34c24d6049d20d04964d1/8ddd1114-5b9b-46c9-a586-9ddf20e6741b/Aveda-Brand-Logo-Black.jpg]
[www.altitudesalonllc.com/_https_/www.chatbot.com/help/chat-widget/enable-javascript-in-your-browser/_.44.delayed]
[www.altitudesalonllc.com/_https_/www.chatbot.com/_.45.delayed]
[cdn.openwidget.com/openwidget.js]
[www.altitudesalonllc.com/index.html]
[assets.squarespace.com/universal/styles-compressed/user-account-core-608918e0ae8d0cc0-min.en-US.css]
[definitions.sqspcdn.com/website-component-definition/static-assets/website.components.shape/4b0d263d-c8c0-4596-800f-d7fb790e4559_813/website.components.shape.styles.css]
[definitions.sqspcdn.com/website-component-definition/static-assets/website.components.socialLinks/70c33000-b577-4dda-a4b6-cd91af457db5_196/website.components.socialLinks.styles.css]
[definitions.sqspcdn.com/website-component-definition/static-assets/website.components.imageFluid/9dab2658-484c-4af4-ba33-78131c219d24_405/website.components.imageFluid.styles.css]
[definitions.sqspcdn.com/website-component-definition/static-assets/website.components.html/0539d27a-3d6b-478f-b600-400d441b4e76_418/website.components.html.styles.css]
[definitions.sqspcdn.com/website-component-definition/static-assets/website.components.button/6c04336a-f6e8-4a6c-946c-4232b8eace18_588/website.components.button.styles.css]
[assets.squarespace.com/universal/images-v6/damask/error-dark.png]
[assets.squarespace.com/universal/images-v6/damask/error-dark@2x.png]
[static1.squarespace.com/static/vta/5c5a519771c10ba3470d8101/scripts/site-bundle.1412ac1ad95394b39f3ca23c39578f35.js]
[assets.squarespace.com/universal/images-v6/damask/play-button.png]
[assets.squarespace.com/universal/images-v6/damask/play-button@2x.png]
[assets.squarespace.com/universal/images-v6/damask/edit-aviary-light.png]
[assets.squarespace.com/universal/images-v6/damask/edit-aviary-light@2x.png]
[assets.squarespace.com/universal/images-v6/damask/edit-info-light.png]
[assets.squarespace.com/universal/images-v6/damask/edit-info-light@2x.png]
[assets.squarespace.com/universal/images-v6/damask/trash-9-light.png]
[assets.squarespace.com/universal/images-v6/damask/trash-9-light@2x.png]
[assets.squarespace.com/universal/images-v6/damask/trash-9-red.png]
[assets.squarespace.com/universal/images-v6/damask/trash-9-red@2x.png]
[assets.squarespace.com/universal/images-v6/damask/getty-16-light.png]
[assets.squarespace.com/universal/images-v6/damask/getty-32-light.png]
[assets.squarespace.com/universal/images-v6/damask/shopping-cart-16-light.png]
[assets.squarespace.com/universal/images-v6/damask/shopping-cart-32-light.png]
[assets.squarespace.com/universal/images-v6/icons/block-indicator-dark.png]
[assets.squarespace.com/universal/images-v6/icons/block-indicator-dark@2x.png]
[assets.squarespace.com/universal/images-v6/icons/opentable-icons.png]
[assets.squarespace.com/universal/images-v6/icons/icon-searchqueries-20-dark.png]
[assets.squarespace.com/universal/images-v6/icons/icon-searchqueries-20-light.png]
[assets.squarespace.com/universal/images-v6/icons/icon-video-24-light-solid.png]
[assets.squarespace.com/universal/images-v6/standard/icon_close_7_light.png]
[assets.squarespace.com/universal/images-v6/icons/icon-settings-16-light.png]
[static1.squarespace.com/static/versioned-site-css/66e34c24d6049d20d04964d1/27/5c5a519771c10ba3470d8101/66e34c25d6049d20d04964d9/1770/sitece97.css]
[static1.squarespace.com/static/custom-css/66e34c24d6049d20d04964d1/66e34c25d6049d20d04964d9/0/custom.css]
[static1.squarespace.com/static/vta/5c5a519771c10ba3470d8101/versioned-assets/1775761119479-MQOID49W7RCDTME7SSD0/static.css]
[www.altitudesalonllc.com/cart.html]
[images.squarespace-cdn.com/content/v1/66e34c24d6049d20d04964d1/1726172203305-YH8NN9IZQNUXT0KFLBXJ/Squarespace+Background+Images+-+Earthy+(1).png]
[images.squarespace-cdn.com/content/v1/66e34c24d6049d20d04964d1/726cc66e-a5cd-4963-964f-081371b55102/1K7A6315_EDIT.jpg]
[images.squarespace-cdn.com/content/v1/66e34c24d6049d20d04964d1/82a312a0-1aab-4b61-aa4c-5607618a0002/1K7A0857.jpg]
[images.squarespace-cdn.com/content/v1/66e34c24d6049d20d04964d1/3f33bfde-e335-4f82-ae4b-bfdc05e56d2b/1K7A6930_EDIT.jpg]
[images.squarespace-cdn.com/content/v1/66e34c24d6049d20d04964d1/b1b5f4fb-c4f4-4c62-adbf-2806d32526fc/1K7A6570_EDIT.jpg]
[www.altitudesalonllc.com/new-guests.html]
[images.squarespace-cdn.com/content/v1/66e34c24d6049d20d04964d1/1726172218704-F9JJ0RKCI9HY1VK86TQ7/giorgio-trovato-T9u-Xr30FY8-unsplash.jpg]
[images.squarespace-cdn.com/content/v1/66e34c24d6049d20d04964d1/2334be5a-dd47-4ccd-b1fe-6df706d6b244/1K7A6456_EDIT.jpg]
[images.squarespace-cdn.com/content/v1/66e34c24d6049d20d04964d1/3894b473-b82b-4bff-b9cf-4918f9dbcdf7/1K7A6523_EDIT.jpg]
[images.squarespace-cdn.com/content/v1/66e34c24d6049d20d04964d1/5a09c38b-d930-48e4-9036-1f1e1599ec57/1K7A6881_EDIT.jpg]
[images.squarespace-cdn.com/content/v1/66e34c24d6049d20d04964d1/68e352a4-65fe-4435-85a5-adbe3850391d/1K7A6886_EDIT.jpg]
[images.squarespace-cdn.com/content/v1/66e34c24d6049d20d04964d1/da9fb136-dcd8-42e5-8052-c1855cdaeee1/1K7A6911_EDIT.jpg]
[images.squarespace-cdn.com/content/v1/66e34c24d6049d20d04964d1/d5dc0f7c-42fb-41d4-8f7b-dcf6c633e62e/1K7A6933_EDIT.jpg]
[images.squarespace-cdn.com/content/v1/66e34c24d6049d20d04964d1/3ea93180-a007-4d88-bbc0-1182b978c825/1K7A6528_EDIT.jpg]
[images.squarespace-cdn.com/content/v1/66e34c24d6049d20d04964d1/cc3af9b8-d5cf-4cf8-b93d-9f14379f437c/1K7A6514_EDIT.jpg]
[www.altitudesalonllc.com/our-story.html]
[images.squarespace-cdn.com/content/v1/66e34c24d6049d20d04964d1/88aab628-580c-4312-b03c-d0b35c24fc08/1K7A8537_EDIT.jpg]
[www.altitudesalonllc.com/stylist-bio-3.html]
[images.squarespace-cdn.com/content/v1/66e34c24d6049d20d04964d1/419b80e6-8381-44a8-95a9-789e58e743dd/1K7A0746_EDIT.jpg]
[www.altitudesalonllc.com/stylist-bio-2-1.html]
[images.squarespace-cdn.com/content/v1/66e34c24d6049d20d04964d1/14d35bbc-bec1-4f8e-9983-abe40a07950d/1K7A8460_EDIT.jpg]
[www.altitudesalonllc.com/stylist-bio-4.html]
[images.squarespace-cdn.com/content/v1/66e34c24d6049d20d04964d1/a25409aa-f9e3-4018-94b1-0bc8443df57e/1K7A0758_EDIT.jpg]
[www.altitudesalonllc.com/stylist-bio-2.html]
[images.squarespace-cdn.com/content/v1/66e34c24d6049d20d04964d1/16521619-4bd4-49ab-982c-ffadf0c010ad/1K7A0775_EDIT.jpg]
[images.squarespace-cdn.com/content/v1/66e34c24d6049d20d04964d1/74e2d29e-fa0c-4834-952f-911197f9db08/1K7A8526_EDIT.jpg]
[www.altitudesalonllc.com/stylist-bio-4-1.html]
[www.altitudesalonllc.com/stylist-bio-4-1-1.7e.delayed]
[www.altitudesalonllc.com/stylists.html]
[images.squarespace-cdn.com/content/v1/66e34c24d6049d20d04964d1/f6872fbe-e73d-4375-b3f6-335f89505ba4/1K7A0990.jpg]
[images.squarespace-cdn.com/content/v1/66e34c24d6049d20d04964d1/982ce684-2655-4238-a31d-45e8a899cf68/1K7A0847_EDIT.jpg]
[www.altitudesalonllc.com/services.html]
[definitions.sqspcdn.com/website-component-definition/static-assets/website.components.form/33afaf76-cf31-475e-b166-29cf8b7ee271_590/website.components.form.styles.css]
[definitions.sqspcdn.com/website-component-definition/static-assets/website.components.form/33afaf76-cf31-475e-b166-29cf8b7ee271_590/website.components.form.visitor.js]
[images.squarespace-cdn.com/content/v1/66e34c24d6049d20d04964d1/d181b325-efe4-449f-854a-264468279171/1K7A1168.jpg]
[www.altitudesalonllc.com/careers.html]
[images.squarespace-cdn.com/content/v1/66e34c24d6049d20d04964d1/c943f8bf-0ef3-45d7-a008-bdc809c7b542/1K7A6512_EDIT.jpg]
[www.altitudesalonllc.com/shopaveda.html]
[images.squarespace-cdn.com/content/v1/66e34c24d6049d20d04964d1/c77ae7f3-89e0-46e6-ac81-143cbcc80464/1K7A1329.jpg]
[www.altitudesalonllc.com/_https_/altitude.aurasalonware.com/reviews.js/___/script__}_.86.delayed]
[altitude.aurasalonware.com/reviews.js]
[www.altitudesalonllc.com/reviews.html]
[www.altitudesalonllc.com/faq.html]
[www.altitudesalonllc.com/privacy-policy.html]
[www.altitudesalonllc.com/policies.html]
[www.altitudesalonllc.com/universal/svg/social-accounts.svg]
[www.altitudesalonllc.com/_https_/www.chatbot.com/help/chat-widget/enable-javascript-in-your-browser/_.html]
[www.altitudesalonllc.com/_https_/www.chatbot.com/_.html]
[images.squarespace-cdn.com/content/v1/66e34c24d6049d20d04964d1/18a74e79-4970-4441-8769-e124d164cff8/1K7A8533_EDIT.jpg]
[www.altitudesalonllc.com/stylist-bio-3.html]
[images.squarespace-cdn.com/content/v1/66e34c24d6049d20d04964d1/e4d60a66-c355-46ef-af5e-9a83b84d4b37/1K7A0746_EDIT.jpg]
[www.altitudesalonllc.com/stylist-bio-2-1.html]
[images.squarespace-cdn.com/content/v1/66e34c24d6049d20d04964d1/bb2775e7-79fe-43f5-b343-e86585d7122c/1K7A8471_EDIT.jpg]
[www.altitudesalonllc.com/stylist-bio-4.html]
[images.squarespace-cdn.com/content/v1/66e34c24d6049d20d04964d1/d3da620b-8a34-4b7d-a182-1b31d94c4f18/1K7A8443_EDIT.jpg]
[www.altitudesalonllc.com/stylist-bio-2.html]
[images.squarespace-cdn.com/content/v1/66e34c24d6049d20d04964d1/c8572bdd-311b-424c-8ca6-c597659bd466/1K7A8522_EDIT.jpg]
[www.altitudesalonllc.com/stylist-bio-4-1.html]
[www.altitudesalonllc.com/stylist-bio-4-1-1.html]
[definitions.sqspcdn.com/website-component-definition/static-assets/website.components.form/33afaf76-cf31-475e-b166-29cf8b7ee271_590/website.components.form.styles.css]
[www.altitudesalonllc.com/_https_/altitude.aurasalonware.com/reviews.js/___/script__}_.html]
